STATE prices fetch ticker=SPY start=2024-05-28 end=2026-07-16
STATE prices fetch ticker=ACCD start=2024-11-19 end=2025-04-15
STATE prices fetch ticker=AIMAU start=2024-09-02 end=2026-07-16
STATE prices fetch ticker=AL start=2025-07-14 end=2026-04-15
STATE prices fetch ticker=ALEX start=2025-10-20 end=2026-03-24
STATE prices progress=10/225 retained=9
STATE prices fetch ticker=ALTM start=2024-10-24 end=2026-07-16
STATE prices fetch ticker=ALTR start=2024-09-10 end=2025-04-04
STATE prices fetch ticker=AMPS start=2024-12-18 end=2025-04-23
STATE prices fetch ticker=APTO start=2025-10-06 end=2026-07-08
STATE prices fetch ticker=ARC start=2024-07-09 end=2024-11-29
STATE prices fetch ticker=ASRT start=2026-03-24 end=2026-06-23
STATE prices fetch ticker=ATSG start=2024-09-15 end=2025-04-18
STATE prices progress=20/225 retained=18
STATE prices fetch ticker=AUGX start=2024-05-30 end=2024-10-09
STATE prices fetch ticker=AVDX start=2025-03-18 end=2025-10-22
STATE prices fetch ticker=AZPN start=2024-12-08 end=2025-03-19
STATE prices fetch ticker=B start=2024-08-18 end=2025-02-03
STATE prices fetch ticker=BASE start=2025-05-01 end=2026-07-16
STATE prices fetch ticker=BCOV start=2024-10-06 end=2025-02-11
STATE prices fetch ticker=BECN start=2025-01-29 end=2025-05-06
STATE prices progress=30/225 retained=27
STATE prices fetch ticker=BGFV start=2025-05-11 end=2025-10-09
STATE prices fetch ticker=BMTX start=2024-09-05 end=2025-02-10
STATE prices fetch ticker=CDMO start=2024-09-18 end=2025-02-12
STATE prices fetch ticker=CDTX start=2025-09-25 end=2026-01-14
STATE prices fetch ticker=CEP start=2025-05-01 end=2026-07-16
STATE prices fetch ticker=CEPT start=2025-09-08 end=2026-07-15
STATE prices progress=40/225 retained=37
STATE prices fetch ticker=CFLT start=2025-10-19 end=2026-03-24
STATE prices fetch ticker=CHUY start=2024-05-28 end=2024-10-17
STATE prices fetch ticker=CIO start=2025-06-04 end=2026-01-16
STATE prices fetch ticker=CMRX start=2025-01-14 end=2025-04-28
STATE prices fetch ticker=CPTN start=2024-06-09 end=2025-01-14
STATE prices fetch ticker=CSGS start=2025-09-09 end=2026-07-16
STATE prices progress=50/225 retained=45
STATE prices fetch ticker=CSLM start=2024-07-16 end=2026-07-16
STATE prices fetch ticker=CTLP start=2025-04-27 end=2026-05-15
STATE prices fetch ticker=CTV start=2024-10-02 end=2025-02-20
STATE prices fetch ticker=CWAN start=2025-11-02 end=2026-07-02
STATE prices fetch ticker=DAWN start=2026-01-15 end=2026-04-30
STATE prices fetch ticker=DAY start=2025-07-02 end=2026-02-11
STATE prices fetch ticker=DFS start=2024-12-22 end=2025-05-26
STATE prices fetch ticker=DHIL start=2025-10-22 end=2026-04-29
STATE prices fetch ticker=DIST start=2025-02-25 end=2026-07-16
STATE prices fetch ticker=DNB start=2025-02-02 end=2025-09-02
STATE prices progress=60/225 retained=54
STATE prices fetch ticker=DVAX start=2025-11-09 end=2026-02-17
STATE prices fetch ticker=EB start=2025-10-14 end=2026-03-17
STATE prices fetch ticker=EHAB start=2026-01-04 end=2026-05-22
STATE prices fetch ticker=ENFN start=2025-02-20 end=2025-04-28
STATE prices fetch ticker=ENZ start=2025-05-05 end=2026-07-16
STATE prices progress=70/225 retained=63
STATE prices fetch ticker=EWCZ start=2025-12-22 end=2026-05-15
STATE prices fetch ticker=EXAS start=2025-10-01 end=2026-03-30
STATE prices fetch ticker=FARM start=2026-01-13 end=2026-05-12
STATE prices fetch ticker=FARO start=2025-03-18 end=2025-07-28
STATE prices fetch ticker=FOLD start=2025-10-30 end=2026-05-04
STATE prices fetch ticker=FORA start=2026-02-12 end=2026-05-22
STATE prices fetch ticker=FRGE start=2025-09-17 end=2026-03-09
STATE prices fetch ticker=FYBR start=2024-07-17 end=2026-01-27
STATE prices progress=80/225 retained=73
STATE prices fetch ticker=GES start=2025-07-01 end=2026-01-30
STATE prices fetch ticker=GHLD start=2025-04-29 end=2025-12-05
STATE prices fetch ticker=GLED start=2026-03-12 end=2026-07-16
STATE prices fetch ticker=GLLI start=2024-07-15 end=2026-07-16
STATE prices fetch ticker=GLST start=2024-12-19 end=2026-07-16
STATE prices fetch ticker=GMS start=2025-05-11 end=2025-09-11
STATE prices fetch ticker=GTHX start=2024-06-18 end=2024-09-25
STATE prices progress=90/225 retained=83
STATE prices fetch ticker=GVP start=2024-06-19 end=2024-11-08
STATE prices fetch ticker=HBI start=2025-06-24 end=2025-12-08
STATE prices fetch ticker=HI start=2025-08-27 end=2026-02-17
STATE prices fetch ticker=HSII start=2025-08-17 end=2025-12-17
STATE prices fetch ticker=IAS start=2025-08-05 end=2025-12-30
STATE prices fetch ticker=INFN start=2024-08-04 end=2025-03-07
STATE prices fetch ticker=INST start=2024-06-05 end=2024-11-20
STATE prices fetch ticker=ITCI start=2024-11-24 end=2025-04-09
STATE prices fetch ticker=ITI start=2024-06-20 end=2024-11-08
STATE prices fetch ticker=JAMF start=2025-09-10 end=2026-02-09
STATE prices fetch ticker=K start=2024-06-25 end=2025-12-18
STATE prices fetch ticker=KLG start=2025-05-21 end=2025-10-03
STATE prices fetch ticker=KW start=2025-12-29 end=2026-06-23
STATE prices progress=110/225 retained=102
STATE prices fetch ticker=LBPH start=2024-08-26 end=2024-12-09
STATE prices fetch ticker=LEGT start=2025-09-23 end=2026-06-17
STATE prices fetch ticker=LLAP start=2024-07-02 end=2024-11-06
STATE prices fetch ticker=MASI start=2025-12-29 end=2026-06-17
STATE prices progress=120/225 retained=112
STATE prices fetch ticker=MKFG start=2024-08-07 end=2025-05-02
STATE prices fetch ticker=MNTX start=2024-07-24 end=2025-01-10
STATE prices fetch ticker=MOFG start=2025-09-03 end=2026-02-27
STATE prices fetch ticker=MURA start=2025-07-01 end=2025-12-12
STATE prices fetch ticker=NAPA start=2024-08-18 end=2026-07-16
STATE prices fetch ticker=NARI start=2024-11-17 end=2025-02-26
STATE prices progress=130/225 retained=122
STATE prices fetch ticker=NEUE start=2024-11-03 end=2025-10-09
STATE prices fetch ticker=NVRO start=2024-12-18 end=2025-04-10
STATE prices fetch ticker=OB start=2024-06-12 end=2025-02-10
STATE prices fetch ticker=ODP start=2025-08-03 end=2025-12-17
STATE prices progress=140/225 retained=132
STATE prices fetch ticker=OLO start=2025-05-14 end=2025-09-19
STATE prices fetch ticker=OLPX start=2026-02-04 end=2026-07-14
STATE prices fetch ticker=ONTF start=2025-11-10 end=2026-04-08
STATE prices fetch ticker=PBPB start=2025-07-22 end=2025-10-30
STATE prices fetch ticker=PDCO start=2024-10-22 end=2025-04-24
STATE prices fetch ticker=PETQ start=2024-06-18 end=2024-11-01
STATE prices fetch ticker=PGRE start=2025-07-29 end=2025-12-26
STATE prices fetch ticker=PINC start=2025-08-03 end=2025-12-02
STATE prices fetch ticker=PKST start=2025-12-14 end=2026-05-13
STATE prices progress=150/225 retained=142
STATE prices fetch ticker=PLYA start=2024-12-22 end=2026-07-16
STATE prices fetch ticker=PRA start=2025-01-29 end=2026-07-16
STATE prices fetch ticker=PRO start=2025-08-03 end=2025-12-16
STATE prices fetch ticker=PTVE start=2024-10-20 end=2026-07-16
STATE prices fetch ticker=PYCR start=2024-11-18 end=2025-04-21
STATE prices fetch ticker=QIPT start=2025-10-26 end=2026-03-23
STATE prices fetch ticker=QRED start=2026-04-20 end=2026-07-16
STATE prices fetch ticker=QSEA start=2025-04-17 end=2026-07-16
STATE prices fetch ticker=RAAQ start=2026-01-04 end=2026-07-15
STATE prices progress=160/225 retained=152
STATE prices fetch ticker=RAPT start=2025-12-01 end=2026-03-10
STATE prices fetch ticker=RCM start=2024-06-12 end=2024-11-26
STATE prices fetch ticker=ROIC start=2024-12-11 end=2026-07-16
STATE prices fetch ticker=RVNC start=2024-06-23 end=2025-02-13
STATE prices fetch ticker=SCWX start=2024-09-01 end=2025-02-10
STATE prices fetch ticker=SEE start=2025-09-28 end=2026-04-16
STATE prices fetch ticker=SEM start=2026-01-12 end=2026-07-08
STATE prices progress=170/225 retained=162
STATE prices fetch ticker=SEMR start=2025-09-30 end=2026-05-05
STATE prices fetch ticker=SGMA start=2025-04-01 end=2025-08-04
STATE prices fetch ticker=SILA start=2026-03-01 end=2026-07-08
STATE prices fetch ticker=SLNO start=2026-02-15 end=2026-05-25
STATE prices fetch ticker=SMAR start=2024-08-05 end=2025-01-29
STATE prices fetch ticker=SNCR start=2025-10-15 end=2026-02-20
STATE prices progress=180/225 retained=172
STATE prices fetch ticker=SOL start=2025-05-01 end=2025-12-22
STATE prices fetch ticker=SPTN start=2025-05-04 end=2025-09-29
STATE prices fetch ticker=SQSP start=2024-07-21 end=2024-10-24
STATE prices fetch ticker=STRM start=2025-04-09 end=2025-08-20
STATE prices fetch ticker=SVT start=2025-04-09 end=2025-07-08
STATE prices fetch ticker=SWI start=2024-12-19 end=2025-04-23
STATE prices fetch ticker=SWTX start=2025-03-09 end=2025-07-08
STATE prices progress=190/225 retained=182
STATE prices fetch ticker=TBRG start=2026-03-04 end=2026-07-16
STATE prices fetch ticker=TERN start=2026-02-03 end=2026-05-12
STATE prices fetch ticker=TGNA start=2025-06-30 end=2026-03-27
STATE prices fetch ticker=TPH start=2025-12-25 end=2026-05-21
STATE prices fetch ticker=TRML start=2025-07-21 end=2025-11-04
STATE prices progress=200/225 retained=192
STATE prices fetch ticker=TRUE start=2025-08-26 end=2026-01-29
STATE prices fetch ticker=TSVT start=2025-01-20 end=2025-05-20
STATE prices fetch ticker=UHG start=2026-01-04 end=2026-05-11
STATE prices fetch ticker=USAP start=2024-08-28 end=2025-01-30
STATE prices fetch ticker=VBFC start=2024-08-06 end=2025-04-08
STATE prices fetch ticker=VCIC start=2025-07-20 end=2026-07-16
STATE prices fetch ticker=VCSA start=2024-11-11 end=2025-05-08
STATE prices progress=210/225 retained=202
STATE prices fetch ticker=VIGL start=2025-06-08 end=2025-08-12
STATE prices fetch ticker=VMEO start=2025-07-22 end=2025-12-01
STATE prices fetch ticker=VOXX start=2024-10-29 end=2025-04-08
STATE prices fetch ticker=VRE start=2026-01-04 end=2026-07-16
STATE prices fetch ticker=VRNT start=2025-07-06 end=2025-12-03
STATE prices fetch ticker=VSTO start=2024-07-25 end=2024-12-04
STATE prices fetch ticker=VTYX start=2026-01-04 end=2026-03-11
STATE prices fetch ticker=WBA start=2025-05-14 end=2025-09-04
STATE prices progress=220/225 retained=212
STATE prices fetch ticker=WOW start=2025-06-25 end=2026-01-07
STATE prices fetch ticker=YMAB start=2025-06-16 end=2025-09-23
STATE prices fetch ticker=ZIMV start=2025-06-01 end=2025-10-27
STATE prices fetch ticker=ZUO start=2024-08-29 end=2025-02-21
STATE tape deals=206 symbols=204 dividends=311 exclusions={'causal_offer_history_unavailable': 3, 'insufficient_price_history': 9, 'insufficient_beta_history': 14}
STATE cash_benchmark source=FRED_DTB3 mean_rate=0.0408
STATE signal candidate=q70_monthly_capped invested_days=173 median_names=13.0 max_names=21
STATE signal candidate=q70_fixed_entry_40 invested_days=386 median_names=18.0 max_names=32
STATE simulation engine=aegis whole_shares=true
{
  "contract": {
    "announcement_delay": "filing-day close excluded; decision on next close; fill following close",
    "cash_benchmark_and_reserve": "FRED DTB3; reserve overlay applied to lagged unallocated target weight",
    "costs": {
      "fixed_usd_per_order": 0.35,
      "slippage": 0.0005
    },
    "dividends": "Massive split-adjusted cash distributions on ex-date",
    "execution": "Aegis production simulator, whole shares, next-close fills and 2% drift bands; resolution exits use the last adjusted market mark, never a parsed synthetic payout",
    "expected_close_when_guidance_unavailable_days": 175,
    "known_limits": [
      "175-day expected close substitutes for unavailable causal company guidance",
      "beta uses the existing 50-calendar-day preannouncement price window",
      "reserve accrues on target rather than realized post-rounding cash"
    ],
    "minimum_concurrent": 10,
    "minimum_preannouncement_beta_returns": 20,
    "minimum_trailing_median_dollar_volume": 1000000.0,
    "name_cap": 0.1,
    "per_name_fallback_break_loss_cap": 0.02,
    "q_market": "clamp((close - beta_adjusted_mean_20_fallback) / (discounted_causal_cash_offer - beta_adjusted_mean_20_fallback), 0, 1)",
    "selection_controls": {
      "q70_fixed_entry_40": {
        "construction": "fixed_entry",
        "initial_weight": 0.03,
        "maximum_lifecycle_slots": 40,
        "q_minimum": 0.7
      },
      "q70_monthly_capped": {
        "construction": "monthly_capped",
        "initial_weight": null,
        "maximum_lifecycle_slots": 40,
        "q_minimum": 0.7
      }
    }
  },
  "evidence": {
    "capital_usd": 5000.0,
    "causally_included_amended_lifecycles": 19,
    "classification": "prototype_reused_history_not_out_of_sample",
    "end": "2026-07-15",
    "exclusions": {
      "causal_offer_history_unavailable": 3,
      "insufficient_beta_history": 14,
      "insufficient_price_history": 9
    },
    "fixed_cash_lifecycles": 206,
    "frozen_contract": "/tmp/aegis-cash-merger-prototype/FROZEN_ALPHA_V2.md",
    "median_preannouncement_beta": 0.863240693852142,
    "snapshot": "/tmp/aegis-cash-merger-prototype/cache-v5/census/cash-merger-census-ab1a31d3ec7b9bda.json",
    "start": "2024-07-17",
    "symbols": 204
  },
  "historical_extension_candidates": [
    "q70_monthly_capped"
  ],
  "question": "Does diversified fixed-cash merger convergence clear cash after executable small-book costs?",
  "results": {
    "q70_fixed_entry_40": {
      "annualized_volatility": 0.0228822233805841,
      "cash_excess_sharpe": -0.34183737456820024,
      "cash_total_return": 0.0581763891421192,
      "cash_utility": 0.028556786207424453,
      "convergent_downside_lskew": -0.19072970695561364,
      "convergent_income_utility": 0.019939084947991504,
      "convergent_tail_budget": -0.008910972564319492,
      "convergent_utility_delta_vs_cash": -0.00861770125943295,
      "daily_skew": -8.292970340782439,
      "deal_only_net_total_return": 0.007479602999999058,
      "excess_total_return": -0.016805165894599794,
      "held_completed_deals": 56,
      "held_terminated_deals": 9,
      "invested_day_fraction": 0.772,
      "max_drawdown": -0.02334458419541785,
      "mean_bill_reserve_weight": 0.5588376753507014,
      "mean_target_gross": 0.4415999999999999,
      "median_names_when_invested": 18.0,
      "net_total_return": 0.041371223247519406,
      "reserve_return_contribution": 0.03389162024752035,
      "total_fees_paid": 52.500000000000135,
      "total_orders": 150,
      "worst_month": -0.017128175165621373
    },
    "q70_monthly_capped": {
      "annualized_volatility": 0.014837379994721884,
      "cash_excess_sharpe": 1.0112159599472252,
      "cash_total_return": 0.0581763891421192,
      "cash_utility": 0.028556786207424453,
      "convergent_downside_lskew": 0.27795347447317004,
      "convergent_income_utility": 0.04322933415975084,
      "convergent_tail_budget": 0.007990911403828346,
      "convergent_utility_delta_vs_cash": 0.014672547952326385,
      "daily_skew": 0.7371680482216364,
      "deal_only_net_total_return": 0.046053846000001286,
      "excess_total_return": 0.03166848113342424,
      "held_completed_deals": 34,
      "held_terminated_deals": 5,
      "invested_day_fraction": 0.346,
      "max_drawdown": -0.008952023346679772,
      "mean_bill_reserve_weight": 0.6963070197518114,
      "mean_target_gross": 0.30486885555001636,
      "median_names_when_invested": 13.0,
      "net_total_return": 0.08984487027554344,
      "reserve_return_contribution": 0.043791024275542156,
      "total_fees_paid": 46.90000000000011,
      "total_orders": 134,
      "worst_month": -0.0024544122253798983
    }
  },
  "verdict": "iterate_historical_extension_no_promotion"
}
