STATE prices fetch ticker=SPY start=2024-05-28 end=2026-07-16
STATE prices fetch ticker=ACCD start=2024-11-19 end=2025-04-15
STATE prices fetch ticker=AIMAU start=2024-09-02 end=2026-07-16
STATE prices fetch ticker=AL start=2025-07-14 end=2026-04-15
STATE prices fetch ticker=ALEX start=2025-10-20 end=2026-03-24
STATE prices progress=10/225 retained=9
STATE prices fetch ticker=ALTM start=2024-10-24 end=2026-07-16
STATE prices fetch ticker=ALTR start=2024-09-10 end=2025-04-04
STATE prices fetch ticker=AMPS start=2024-12-18 end=2025-04-23
STATE prices fetch ticker=APTO start=2025-10-06 end=2026-07-08
STATE prices fetch ticker=ARC start=2024-07-09 end=2024-11-29
STATE prices fetch ticker=ASRT start=2026-03-24 end=2026-06-23
STATE prices fetch ticker=ATSG start=2024-09-15 end=2025-04-18
STATE prices progress=20/225 retained=18
STATE prices fetch ticker=AUGX start=2024-05-30 end=2024-10-09
STATE prices fetch ticker=AVDX start=2025-03-18 end=2025-10-22
STATE prices fetch ticker=AZPN start=2024-12-08 end=2025-03-19
STATE prices fetch ticker=B start=2024-08-18 end=2025-02-03
STATE prices fetch ticker=BASE start=2025-05-01 end=2026-07-16
STATE prices fetch ticker=BCOV start=2024-10-06 end=2025-02-11
STATE prices fetch ticker=BECN start=2025-01-29 end=2025-05-06
STATE prices progress=30/225 retained=27
STATE prices fetch ticker=BGFV start=2025-05-11 end=2025-10-09
STATE prices fetch ticker=BMTX start=2024-09-05 end=2025-02-10
STATE prices fetch ticker=CDMO start=2024-09-18 end=2025-02-12
STATE prices fetch ticker=CDTX start=2025-09-25 end=2026-01-14
STATE prices fetch ticker=CEP start=2025-05-01 end=2026-07-16
STATE prices fetch ticker=CEPT start=2025-09-08 end=2026-07-15
STATE prices progress=40/225 retained=37
STATE prices fetch ticker=CFLT start=2025-10-19 end=2026-03-24
STATE prices fetch ticker=CHUY start=2024-05-28 end=2024-10-17
STATE prices fetch ticker=CIO start=2025-06-04 end=2026-01-16
STATE prices fetch ticker=CMRX start=2025-01-14 end=2025-04-28
STATE prices fetch ticker=CPTN start=2024-06-09 end=2025-01-14
STATE prices fetch ticker=CSGS start=2025-09-09 end=2026-07-16
STATE prices progress=50/225 retained=45
STATE prices fetch ticker=CSLM start=2024-07-16 end=2026-07-16
STATE prices fetch ticker=CTLP start=2025-04-27 end=2026-05-15
STATE prices fetch ticker=CTV start=2024-10-02 end=2025-02-20
STATE prices fetch ticker=CWAN start=2025-11-02 end=2026-07-02
STATE prices fetch ticker=DAWN start=2026-01-15 end=2026-04-30
STATE prices fetch ticker=DAY start=2025-07-02 end=2026-02-11
STATE prices fetch ticker=DFS start=2024-12-22 end=2025-05-26
STATE prices fetch ticker=DHIL start=2025-10-22 end=2026-04-29
STATE prices fetch ticker=DIST start=2025-02-25 end=2026-07-16
STATE prices fetch ticker=DNB start=2025-02-02 end=2025-09-02
STATE prices progress=60/225 retained=54
STATE prices fetch ticker=DVAX start=2025-11-09 end=2026-02-17
STATE prices fetch ticker=EB start=2025-10-14 end=2026-03-17
STATE prices fetch ticker=EHAB start=2026-01-04 end=2026-05-22
STATE prices fetch ticker=ENFN start=2025-02-20 end=2025-04-28
STATE prices fetch ticker=ENZ start=2025-05-05 end=2026-07-16
STATE prices progress=70/225 retained=63
STATE prices fetch ticker=EWCZ start=2025-12-22 end=2026-05-15
STATE prices fetch ticker=EXAS start=2025-10-01 end=2026-03-30
STATE prices fetch ticker=FARM start=2026-01-13 end=2026-05-12
STATE prices fetch ticker=FARO start=2025-03-18 end=2025-07-28
STATE prices fetch ticker=FOLD start=2025-10-30 end=2026-05-04
STATE prices fetch ticker=FORA start=2026-02-12 end=2026-05-22
STATE prices fetch ticker=FRGE start=2025-09-17 end=2026-03-09
STATE prices fetch ticker=FYBR start=2024-07-17 end=2026-01-27
STATE prices progress=80/225 retained=73
STATE prices fetch ticker=GES start=2025-07-01 end=2026-01-30
STATE prices fetch ticker=GHLD start=2025-04-29 end=2025-12-05
STATE prices fetch ticker=GLED start=2026-03-12 end=2026-07-16
STATE prices fetch ticker=GLLI start=2024-07-15 end=2026-07-16
STATE prices fetch ticker=GLST start=2024-12-19 end=2026-07-16
STATE prices fetch ticker=GMS start=2025-05-11 end=2025-09-11
STATE prices fetch ticker=GTHX start=2024-06-18 end=2024-09-25
STATE prices progress=90/225 retained=83
STATE prices fetch ticker=GVP start=2024-06-19 end=2024-11-08
STATE prices fetch ticker=HBI start=2025-06-24 end=2025-12-08
STATE prices fetch ticker=HI start=2025-08-27 end=2026-02-17
STATE prices fetch ticker=HSII start=2025-08-17 end=2025-12-17
STATE prices fetch ticker=IAS start=2025-08-05 end=2025-12-30
STATE prices fetch ticker=INFN start=2024-08-04 end=2025-03-07
STATE prices fetch ticker=INST start=2024-06-05 end=2024-11-20
STATE prices fetch ticker=ITCI start=2024-11-24 end=2025-04-09
STATE prices fetch ticker=ITI start=2024-06-20 end=2024-11-08
STATE prices fetch ticker=JAMF start=2025-09-10 end=2026-02-09
STATE prices fetch ticker=K start=2024-06-25 end=2025-12-18
STATE prices fetch ticker=KLG start=2025-05-21 end=2025-10-03
STATE prices fetch ticker=KW start=2025-12-29 end=2026-06-23
STATE prices progress=110/225 retained=102
STATE prices fetch ticker=LBPH start=2024-08-26 end=2024-12-09
STATE prices fetch ticker=LEGT start=2025-09-23 end=2026-06-17
STATE prices fetch ticker=LLAP start=2024-07-02 end=2024-11-06
STATE prices fetch ticker=MASI start=2025-12-29 end=2026-06-17
STATE prices progress=120/225 retained=112
STATE prices fetch ticker=MKFG start=2024-08-07 end=2025-05-02
STATE prices fetch ticker=MNTX start=2024-07-24 end=2025-01-10
STATE prices fetch ticker=MOFG start=2025-09-03 end=2026-02-27
STATE prices fetch ticker=MURA start=2025-07-01 end=2025-12-12
STATE prices fetch ticker=NAPA start=2024-08-18 end=2026-07-16
STATE prices fetch ticker=NARI start=2024-11-17 end=2025-02-26
STATE prices progress=130/225 retained=122
STATE prices fetch ticker=NEUE start=2024-11-03 end=2025-10-09
STATE prices fetch ticker=NVRO start=2024-12-18 end=2025-04-10
STATE prices fetch ticker=OB start=2024-06-12 end=2025-02-10
STATE prices fetch ticker=ODP start=2025-08-03 end=2025-12-17
STATE prices progress=140/225 retained=132
STATE prices fetch ticker=OLO start=2025-05-14 end=2025-09-19
STATE prices fetch ticker=OLPX start=2026-02-04 end=2026-07-14
STATE prices fetch ticker=ONTF start=2025-11-10 end=2026-04-08
STATE prices fetch ticker=PBPB start=2025-07-22 end=2025-10-30
STATE prices fetch ticker=PDCO start=2024-10-22 end=2025-04-24
STATE prices fetch ticker=PETQ start=2024-06-18 end=2024-11-01
STATE prices fetch ticker=PGRE start=2025-07-29 end=2025-12-26
STATE prices fetch ticker=PINC start=2025-08-03 end=2025-12-02
STATE prices fetch ticker=PKST start=2025-12-14 end=2026-05-13
STATE prices progress=150/225 retained=142
STATE prices fetch ticker=PLYA start=2024-12-22 end=2026-07-16
STATE prices fetch ticker=PRA start=2025-01-29 end=2026-07-16
STATE prices fetch ticker=PRO start=2025-08-03 end=2025-12-16
STATE prices fetch ticker=PTVE start=2024-10-20 end=2026-07-16
STATE prices fetch ticker=PYCR start=2024-11-18 end=2025-04-21
STATE prices fetch ticker=QIPT start=2025-10-26 end=2026-03-23
STATE prices fetch ticker=QRED start=2026-04-20 end=2026-07-16
STATE prices fetch ticker=QSEA start=2025-04-17 end=2026-07-16
STATE prices fetch ticker=RAAQ start=2026-01-04 end=2026-07-15
STATE prices progress=160/225 retained=152
STATE prices fetch ticker=RAPT start=2025-12-01 end=2026-03-10
STATE prices fetch ticker=RCM start=2024-06-12 end=2024-11-26
STATE prices fetch ticker=ROIC start=2024-12-11 end=2026-07-16
STATE prices fetch ticker=RVNC start=2024-06-23 end=2025-02-13
STATE prices fetch ticker=SCWX start=2024-09-01 end=2025-02-10
STATE prices fetch ticker=SEE start=2025-09-28 end=2026-04-16
STATE prices fetch ticker=SEM start=2026-01-12 end=2026-07-08
STATE prices progress=170/225 retained=162
STATE prices fetch ticker=SEMR start=2025-09-30 end=2026-05-05
STATE prices fetch ticker=SGMA start=2025-04-01 end=2025-08-04
STATE prices fetch ticker=SILA start=2026-03-01 end=2026-07-08
STATE prices fetch ticker=SLNO start=2026-02-15 end=2026-05-25
STATE prices fetch ticker=SMAR start=2024-08-05 end=2025-01-29
STATE prices fetch ticker=SNCR start=2025-10-15 end=2026-02-20
STATE prices progress=180/225 retained=172
STATE prices fetch ticker=SOL start=2025-05-01 end=2025-12-22
STATE prices fetch ticker=SPTN start=2025-05-04 end=2025-09-29
STATE prices fetch ticker=SQSP start=2024-07-21 end=2024-10-24
STATE prices fetch ticker=STRM start=2025-04-09 end=2025-08-20
STATE prices fetch ticker=SVT start=2025-04-09 end=2025-07-08
STATE prices fetch ticker=SWI start=2024-12-19 end=2025-04-23
STATE prices fetch ticker=SWTX start=2025-03-09 end=2025-07-08
STATE prices progress=190/225 retained=182
STATE prices fetch ticker=TBRG start=2026-03-04 end=2026-07-16
STATE prices fetch ticker=TERN start=2026-02-03 end=2026-05-12
STATE prices fetch ticker=TGNA start=2025-06-30 end=2026-03-27
STATE prices fetch ticker=TPH start=2025-12-25 end=2026-05-21
STATE prices fetch ticker=TRML start=2025-07-21 end=2025-11-04
STATE prices progress=200/225 retained=192
STATE prices fetch ticker=TRUE start=2025-08-26 end=2026-01-29
STATE prices fetch ticker=TSVT start=2025-01-20 end=2025-05-20
STATE prices fetch ticker=UHG start=2026-01-04 end=2026-05-11
STATE prices fetch ticker=USAP start=2024-08-28 end=2025-01-30
STATE prices fetch ticker=VBFC start=2024-08-06 end=2025-04-08
STATE prices fetch ticker=VCIC start=2025-07-20 end=2026-07-16
STATE prices fetch ticker=VCSA start=2024-11-11 end=2025-05-08
STATE prices progress=210/225 retained=202
STATE prices fetch ticker=VIGL start=2025-06-08 end=2025-08-12
STATE prices fetch ticker=VMEO start=2025-07-22 end=2025-12-01
STATE prices fetch ticker=VOXX start=2024-10-29 end=2025-04-08
STATE prices fetch ticker=VRE start=2026-01-04 end=2026-07-16
STATE prices fetch ticker=VRNT start=2025-07-06 end=2025-12-03
STATE prices fetch ticker=VSTO start=2024-07-25 end=2024-12-04
STATE prices fetch ticker=VTYX start=2026-01-04 end=2026-03-11
STATE prices fetch ticker=WBA start=2025-05-14 end=2025-09-04
STATE prices progress=220/225 retained=212
STATE prices fetch ticker=WOW start=2025-06-25 end=2026-01-07
STATE prices fetch ticker=YMAB start=2025-06-16 end=2025-09-23
STATE prices fetch ticker=ZIMV start=2025-06-01 end=2025-10-27
STATE prices fetch ticker=ZUO start=2024-08-29 end=2025-02-21
STATE tape deals=206 symbols=204 dividends=311 exclusions={'causal_offer_history_unavailable': 3, 'insufficient_price_history': 9, 'insufficient_beta_history': 14}
STATE cash_benchmark source=FRED_DTB3 mean_rate=0.0408
STATE hazard_training end=2025-07-31 observations={'early': 156, 'high': 67, 'late': 3} completions={'early': 27, 'high': 16, 'late': 0} adverse=5 rates={'early': 0.17307692307692307, 'high': 0.23880597014925373, 'late': 0.0} adverse_rate=0.022124
STATE signal candidate=q70_monthly_capped invested_days=153 median_names=12.0 max_names=21
STATE signal candidate=q70_monthly_event_hazard invested_days=0 median_names=0.0 max_names=0
STATE signal candidate=q70_monthly_scaled_breadth invested_days=239 median_names=11.0 max_names=21
STATE simulation engine=aegis whole_shares=true
{
  "contract": {
    "announcement_delay": "filing-day close excluded; decision on next close; fill following close",
    "cash_benchmark_and_reserve": "FRED DTB3; reserve overlay applied to lagged unallocated target weight",
    "costs": {
      "fixed_usd_per_order": 0.35,
      "slippage": 0.0005
    },
    "dividends": "Massive split-adjusted cash distributions on ex-date",
    "execution": "Aegis production simulator, whole shares, next-close fills and 2% drift bands; resolution exits use the last adjusted market mark, never a parsed synthetic payout",
    "expected_close_when_guidance_unavailable_days": 175,
    "known_limits": [
      "175-day expected close substitutes for unavailable causal company guidance",
      "beta uses the existing 50-calendar-day preannouncement price window",
      "reserve accrues on target rather than realized post-rounding cash",
      "hazards use only a small first-period cohort and a pooled adverse rate",
      "evaluation history was previously viewed for the q70 benchmark"
    ],
    "minimum_concurrent": 10,
    "minimum_preannouncement_beta_returns": 20,
    "minimum_trailing_median_dollar_volume": 1000000.0,
    "name_cap": 0.1,
    "per_name_fallback_break_loss_cap": 0.02,
    "q_market": "clamp((close - beta_adjusted_mean_20_fallback) / (discounted_causal_cash_offer - beta_adjusted_mean_20_fallback), 0, 1)",
    "selection_controls": {
      "q70_monthly_capped": {
        "construction": "monthly_capped",
        "initial_weight": null,
        "maximum_lifecycle_slots": 40,
        "q_minimum": 0.7
      },
      "q70_monthly_event_hazard": {
        "construction": "monthly_event_hazard",
        "initial_weight": null,
        "maximum_lifecycle_slots": 40,
        "q_minimum": 0.7
      },
      "q70_monthly_scaled_breadth": {
        "construction": "monthly_scaled_breadth",
        "initial_weight": null,
        "maximum_lifecycle_slots": 40,
        "q_minimum": 0.7
      }
    }
  },
  "evidence": {
    "breadth_contract": "/tmp/aegis-cash-merger-prototype/FROZEN_ALPHA_V3B.md",
    "capital_usd": 5000.0,
    "causally_included_amended_lifecycles": 19,
    "classification": "prototype_out_of_time_hazard_small_training_reused_evaluation",
    "end": "2026-07-15",
    "evaluation_start": "2025-08-01",
    "exclusions": {
      "causal_offer_history_unavailable": 3,
      "insufficient_beta_history": 14,
      "insufficient_price_history": 9
    },
    "fixed_cash_lifecycles": 206,
    "frozen_contract": "/tmp/aegis-cash-merger-prototype/FROZEN_ALPHA_V3.md",
    "hazard_training": {
      "adverse_events": 5,
      "adverse_rate": 0.022123893805309734,
      "completion_rate_by_age": {
        "early": 0.17307692307692307,
        "high": 0.23880597014925373,
        "late": 0.0
      },
      "completions_by_age": {
        "early": 27,
        "high": 16,
        "late": 0
      },
      "interval": "from each monthly observation to the next calendar-month boundary",
      "observations_by_age": {
        "early": 156,
        "high": 67,
        "late": 3
      },
      "training_end": "2025-07-31"
    },
    "median_preannouncement_beta": 0.863240693852142,
    "monthly_eligibility_attrition": [
      {
        "active_lifecycle": 32,
        "affordable": 14,
        "causal_offer": 31,
        "date": "2025-08-01",
        "liquid": 6,
        "q70": 3,
        "valid_payoff": 14
      },
      {
        "active_lifecycle": 39,
        "affordable": 17,
        "causal_offer": 38,
        "date": "2025-09-02",
        "liquid": 10,
        "q70": 8,
        "valid_payoff": 17
      },
      {
        "active_lifecycle": 44,
        "affordable": 20,
        "causal_offer": 44,
        "date": "2025-10-01",
        "liquid": 15,
        "q70": 9,
        "valid_payoff": 20
      },
      {
        "active_lifecycle": 47,
        "affordable": 23,
        "causal_offer": 47,
        "date": "2025-11-03",
        "liquid": 18,
        "q70": 12,
        "valid_payoff": 23
      },
      {
        "active_lifecycle": 51,
        "affordable": 21,
        "causal_offer": 51,
        "date": "2025-12-01",
        "liquid": 18,
        "q70": 12,
        "valid_payoff": 21
      },
      {
        "active_lifecycle": 52,
        "affordable": 29,
        "causal_offer": 52,
        "date": "2026-01-02",
        "liquid": 26,
        "q70": 21,
        "valid_payoff": 29
      },
      {
        "active_lifecycle": 48,
        "affordable": 23,
        "causal_offer": 48,
        "date": "2026-02-02",
        "liquid": 19,
        "q70": 15,
        "valid_payoff": 23
      },
      {
        "active_lifecycle": 56,
        "affordable": 30,
        "causal_offer": 56,
        "date": "2026-03-02",
        "liquid": 23,
        "q70": 17,
        "valid_payoff": 30
      },
      {
        "active_lifecycle": 55,
        "affordable": 23,
        "causal_offer": 55,
        "date": "2026-04-01",
        "liquid": 15,
        "q70": 13,
        "valid_payoff": 23
      },
      {
        "active_lifecycle": 57,
        "affordable": 20,
        "causal_offer": 57,
        "date": "2026-05-01",
        "liquid": 15,
        "q70": 12,
        "valid_payoff": 20
      },
      {
        "active_lifecycle": 58,
        "affordable": 22,
        "causal_offer": 58,
        "date": "2026-06-01",
        "liquid": 11,
        "q70": 7,
        "valid_payoff": 22
      },
      {
        "active_lifecycle": 58,
        "affordable": 22,
        "causal_offer": 58,
        "date": "2026-07-01",
        "liquid": 15,
        "q70": 13,
        "valid_payoff": 22
      }
    ],
    "monthly_hazard_score_distribution": [
      {
        "date": "2025-08-01",
        "maximum_enp": 0.0016723107758805245,
        "median_enp": -0.00424360782931661,
        "minimum_enp": -0.010716009457928177,
        "positive_enp": 1,
        "q70_deals": 3
      },
      {
        "date": "2025-09-02",
        "maximum_enp": 0.003496953806701495,
        "median_enp": -0.0035232107007487647,
        "minimum_enp": -0.011241787937517924,
        "positive_enp": 2,
        "q70_deals": 8
      },
      {
        "date": "2025-10-01",
        "maximum_enp": -0.0003495108118779164,
        "median_enp": -0.0041574226122159,
        "minimum_enp": -0.013071718355827502,
        "positive_enp": 0,
        "q70_deals": 9
      },
      {
        "date": "2025-11-03",
        "maximum_enp": 0.0057637703040571584,
        "median_enp": -0.004104105910261352,
        "minimum_enp": -0.013692368861958638,
        "positive_enp": 4,
        "q70_deals": 12
      },
      {
        "date": "2025-12-01",
        "maximum_enp": 0.0006030908616872924,
        "median_enp": -0.0034279874757264604,
        "minimum_enp": -0.016855321222674635,
        "positive_enp": 1,
        "q70_deals": 12
      },
      {
        "date": "2026-01-02",
        "maximum_enp": 0.0052753471615740585,
        "median_enp": -0.0056307035761408546,
        "minimum_enp": -0.017180907752056527,
        "positive_enp": 4,
        "q70_deals": 21
      },
      {
        "date": "2026-02-02",
        "maximum_enp": 0.01229428932605768,
        "median_enp": -0.0073051181947463625,
        "minimum_enp": -0.011136741830408546,
        "positive_enp": 2,
        "q70_deals": 15
      },
      {
        "date": "2026-03-02",
        "maximum_enp": 0.009820246212440934,
        "median_enp": -0.006738558823911564,
        "minimum_enp": -0.010945179169414147,
        "positive_enp": 3,
        "q70_deals": 17
      },
      {
        "date": "2026-04-01",
        "maximum_enp": 0.0057077517447118005,
        "median_enp": -0.004342404079632893,
        "minimum_enp": -0.011193035119525626,
        "positive_enp": 3,
        "q70_deals": 13
      },
      {
        "date": "2026-05-01",
        "maximum_enp": 0.004774614201122312,
        "median_enp": -0.004383255496395766,
        "minimum_enp": -0.010611863309201835,
        "positive_enp": 2,
        "q70_deals": 12
      },
      {
        "date": "2026-06-01",
        "maximum_enp": 0.006465280586366264,
        "median_enp": -0.005877336009515845,
        "minimum_enp": -0.010532150118142068,
        "positive_enp": 1,
        "q70_deals": 7
      },
      {
        "date": "2026-07-01",
        "maximum_enp": 0.005896064865535229,
        "median_enp": -0.0044080349820370904,
        "minimum_enp": -0.014091015004859242,
        "positive_enp": 1,
        "q70_deals": 13
      }
    ],
    "snapshot": "/tmp/aegis-cash-merger-prototype/cache-v5/census/cash-merger-census-ab1a31d3ec7b9bda.json",
    "start": "2024-07-17",
    "symbols": 204
  },
  "hazard_survives_frozen_gate": false,
  "question": "Do event-time ENP selection or proportional sparse-month breadth improve the frozen q70 monthly cash-merger benchmark?",
  "results": {
    "q70_monthly_capped": {
      "annualized_volatility": 0.020372919281614128,
      "cash_excess_sharpe": 1.164601680493562,
      "cash_total_return": 0.02498889505654245,
      "cash_utility": 0.02602429644069254,
      "convergent_downside_lskew": 0.054525861276494524,
      "convergent_income_utility": 0.049127871818178355,
      "convergent_tail_budget": 0.011209676417181055,
      "convergent_utility_delta_vs_cash": 0.023103575377485815,
      "daily_skew": 0.5206310834230101,
      "deal_only_net_total_return": 0.036511462999999855,
      "excess_total_return": 0.023117308843614293,
      "held_completed_deal_ids": [
        "20520:0001140361-24-040148",
        "896429:0001104659-25-059703",
        "1593222:0001193125-25-163765",
        "1701051:0001104659-25-077815",
        "1725057:0001193125-25-184632",
        "1487712:0001193125-25-193497",
        "1651311:0001193125-25-221801",
        "1412665:0001104659-25-101847",
        "1599901:0001193125-25-250696",
        "1827821:0001827821-25-000020",
        "1012100:0001193125-25-283978",
        "1831840:0000950103-25-014983",
        "1124140:0001193125-25-288896",
        "1131554:0001628280-25-055229",
        "1699838:0001104659-25-119081",
        "1545654:0001104659-25-119462",
        "909108:0000950103-25-015986",
        "1540013:0001104659-25-120873",
        "1178879:0001140361-25-046134",
        "1274173:0001104659-25-123536",
        "1866368:0000950157-25-001016",
        "937556:0001104659-26-015904",
        "1868726:0001193125-26-126362",
        "1169445:0001193125-26-172139"
      ],
      "held_completed_deals": 24,
      "held_terminated_deal_ids": [
        "55067:0001193125-24-200233",
        "1846510:0001193125-25-182169",
        "1475115:0001193125-25-305559",
        "1110611:0001193125-25-335946"
      ],
      "held_terminated_deals": 4,
      "invested_day_fraction": 0.6401673640167364,
      "max_drawdown": -0.008345415245375243,
      "mean_bill_reserve_weight": 0.43673143293355554,
      "mean_target_gross": 0.566999239163357,
      "median_names_when_invested": 12.0,
      "monthly_returns": {
        "2025-08-31": 0.0024083131180410167,
        "2025-09-30": 0.0022877663699576445,
        "2025-10-31": 0.002443127895603192,
        "2025-11-30": 0.006973175150731814,
        "2025-12-31": 0.0008810931346787676,
        "2026-01-31": 0.015979416477137853,
        "2026-02-28": 0.004189074202645138,
        "2026-03-31": 0.005595372697583256,
        "2026-04-30": 0.005999195226131793,
        "2026-05-31": -0.0022184997409142593,
        "2026-06-30": 0.002827944885017253,
        "2026-07-31": -0.00017291639635175216
      },
      "net_total_return": 0.04810620390015674,
      "reserve_return_contribution": 0.011594740900156886,
      "total_fees_paid": 38.50000000000008,
      "total_orders": 110,
      "worst_month": -0.0022184997409142593
    },
    "q70_monthly_event_hazard": {
      "annualized_volatility": 7.441545295482546e-05,
      "cash_excess_sharpe": 0.0,
      "cash_total_return": 0.02498889505654245,
      "cash_utility": 0.02602429644069254,
      "convergent_downside_lskew": 0.37346389859902834,
      "convergent_income_utility": 0.02602429644069254,
      "convergent_tail_budget": 0.00788860280708576,
      "convergent_utility_delta_vs_cash": 0.0,
      "daily_skew": 1.2486900411195672,
      "deal_only_net_total_return": 0.0,
      "excess_total_return": 0.0,
      "held_completed_deal_ids": [],
      "held_completed_deals": 0,
      "held_terminated_deal_ids": [],
      "held_terminated_deals": 0,
      "invested_day_fraction": 0.0,
      "max_drawdown": 0.0,
      "mean_bill_reserve_weight": 1.0,
      "mean_target_gross": 0.0,
      "median_names_when_invested": 0.0,
      "monthly_returns": {
        "2025-08-31": 0.0024083131180410167,
        "2025-09-30": 0.0022877663699576445,
        "2025-10-31": 0.002443127895603192,
        "2025-11-30": 0.001996608089943397,
        "2025-12-31": 0.002196465942125636,
        "2026-01-31": 0.0019826981937209887,
        "2026-02-28": 0.0019025458040742294,
        "2026-03-31": 0.0022101056956347342,
        "2026-04-30": 0.0021073896861807384,
        "2026-05-31": 0.002001622833682104,
        "2026-06-30": 0.002138563687771322,
        "2026-07-31": 0.001032701819422055
      },
      "net_total_return": 0.02498889505654245,
      "reserve_return_contribution": 0.02498889505654245,
      "total_fees_paid": 0.0,
      "total_orders": 0,
      "worst_month": 0.001032701819422055
    },
    "q70_monthly_scaled_breadth": {
      "annualized_volatility": 0.026888744090518314,
      "cash_excess_sharpe": 0.43696430885660353,
      "cash_total_return": 0.02498889505654245,
      "cash_utility": 0.02602429644069254,
      "convergent_downside_lskew": -0.11590190619907091,
      "convergent_income_utility": 0.036693417505994745,
      "convergent_tail_budget": -0.0014521236606666221,
      "convergent_utility_delta_vs_cash": 0.010669121065302205,
      "daily_skew": 0.35362727205551264,
      "deal_only_net_total_return": 0.02959069000000114,
      "excess_total_return": 0.011130606749589544,
      "held_completed_deal_ids": [
        "20520:0001140361-24-040148",
        "1858257:0001193125-25-114937",
        "896429:0001104659-25-059703",
        "1593222:0001193125-25-163765",
        "1701051:0001104659-25-077815",
        "39899:0001104659-25-080002",
        "1725057:0001193125-25-184632",
        "1487712:0001193125-25-193497",
        "1651311:0001193125-25-221801",
        "1412665:0001104659-25-101847",
        "1599901:0001193125-25-250696",
        "1827821:0001827821-25-000020",
        "1012100:0001193125-25-283978",
        "1831840:0000950103-25-014983",
        "1124140:0001193125-25-288896",
        "1131554:0001628280-25-055229",
        "1699838:0001104659-25-119081",
        "1545654:0001104659-25-119462",
        "909108:0000950103-25-015986",
        "1540013:0001104659-25-120873",
        "1178879:0001140361-25-046134",
        "1274173:0001104659-25-123536",
        "1866368:0000950157-25-001016",
        "937556:0001104659-26-015904",
        "1868726:0001193125-26-126362",
        "1169445:0001193125-26-172139"
      ],
      "held_completed_deals": 26,
      "held_terminated_deal_ids": [
        "55067:0001193125-24-200233",
        "718937:0001193125-25-173090",
        "1846510:0001193125-25-182169",
        "1475115:0001193125-25-305559",
        "1110611:0001193125-25-335946"
      ],
      "held_terminated_deals": 5,
      "invested_day_fraction": 1.0,
      "max_drawdown": -0.017317733825532255,
      "mean_bill_reserve_weight": 0.248290185441887,
      "mean_target_gross": 0.7554404866550256,
      "median_names_when_invested": 11.0,
      "monthly_returns": {
        "2025-08-31": 0.001961412342618596,
        "2025-09-30": -0.004774957436754823,
        "2025-10-31": -0.004526389944459641,
        "2025-11-30": 0.005778669879080045,
        "2025-12-31": 0.0009495014412028713,
        "2026-01-31": 0.016129646178246082,
        "2026-02-28": 0.005336608195990689,
        "2026-03-31": 0.005487727216785032,
        "2026-04-30": 0.00550496281453694,
        "2026-05-31": -0.002257140914565414,
        "2026-06-30": 0.006335264446159172,
        "2026-07-31": -0.00020655665119873046
      },
      "net_total_return": 0.03611950180613199,
      "reserve_return_contribution": 0.006528811806130852,
      "total_fees_paid": 43.4000000000001,
      "total_orders": 124,
      "worst_month": -0.004774957436754823
    }
  },
  "scaled_breadth_survives_frozen_gate": false,
  "verdict": {
    "event_hazard": "kill_retain_q70_control",
    "scaled_breadth": "kill_retain_q70_control"
  }
}
